moon — the current phase of the moon

usage
  moon [options]

options
  --json      structured output for scripting (stable, documented below)
  --block     multi-line framed readout instead of the single line
  --compact   suppress the next-full-moon line (on its own, exactly one line)
  --south     force southern-hemisphere rendering
  --north     force northern-hemisphere rendering
  -h, --help  this text

The hemisphere is inferred from your system timezone. The lit limb faces the
opposite way south of the equator, so this matters; if the guess is wrong for
where you are, pass --south or --north.

--json fields
  phase         phase name, one of the eight canonical names
  illumination  illuminated fraction of the disc, 0..1
  age           days elapsed since the last new moon
  cycleFraction 0..1 through the synodic month (0 = new, 0.5 = full)
                CAUTION: this is angular (elongation / 360), not elapsed
                time. Mid-cycle it can lead/lag true elapsed time by up to
                ~21 hours, so multiplying it by 29.53 to get days is wrong.
                Use the age field for elapsed time. The endpoints do hold:
                at a true new/full moon this is 0 / 0.5 to within ~45 min.
  phaseAngle    elongation in degrees, 0..360: 0 = new, 180 = full
                CAUTION: this is the Moon-Sun elongation, NOT the Meeus phase
                angle i (which is 180 at new). Applying k = (1+cos i)/2 to this
                field returns 1 - illumination, i.e. the exact inverse. Use the
                illumination field; it is already computed for you.
  hemisphere    "north" or "south" — the one actually used for rendering
  nextFullMoon  ISO-8601 instant of the next full moon
  julianDay     Julian Day of the observation instant
  timestamp     ISO-8601 instant the reading was computed for

Numeric fields are rounded to the precision the algorithm has actually earned
(phase instants are good to roughly an hour); they are not raw float dumps.

No network access is ever performed.
